&ï¿½+
Bï¿½ï¿½Jï¿½ï¿½Ñ¹esp32: SPI Speed      :ï¿½ets Jun  8 2016 00:22:57

rst:0x1 (POWERON_RESET),boot:0x13 (SPI_FAST_FLASH_BOOT)
configsip: 0, SPIWP:0xee
clk_drv:0x00,q_drv:0x00,d_drv:0x00,cs0_drv:0x00,hd_drv:0x00,wp_drv:0x00
mode:DIO, clock div:1
load:0x3fff0030,len:7172
load:0x40078000,len:15552
ho 0 tail 12 room 4
load:0x40080400,len:4
load:0x40080404,len:3904
entry 0x40080640
[0;32mI (30) boot: ESP-IDF v5.2.2 2nd stage bootloader[0m
[0;32mI (31) boot: compile time Jun 10 2024 14:07:48[0m
[0;32mI (31) boot: Multicore bootloader[0m
[0;32mI (35) boot: chip revision: v1.0[0m
[0;32mI (39) boot.esp32: SPI Speed      : 80MHz[0m
[0;32mI (43) boot.esp32: SPI Mode       : DIO[0m
[0;32mI (48) boot.esp32: SPI Flash Size : 4MB[0m
[0;32mI (52) boot: Enabling RNG early entropy source...[0m
[0;32mI (58) boot: Partition Table:[0m
[0;32mI (61) boot: ## Label            Usage          Type ST Offset   Length[0m
[0;32mI (69) boot:  0 nvs              WiFi data        01 02 00009000 00006000[0m
[0;32mI (76) boot:  1 phy_init         RF data          01 01 0000f000 00001000[0m
[0;32mI (83) boot:  2 factory          factory app      00 00 00010000 00100000[0m
[0;32mI (91) boot:  3 storage          Unknown data     01 82 00110000 000f0000[0m
[0;32mI (98) boot: End of partition table[0m
[0;32mI (103) esp_image: segment 0: paddr=00010020 vaddr=3f400020 size=4050ch (263436) map[0m
[0;32mI (150) esp_image: segment 1: paddr=00050534 vaddr=3ffb0000 size=03b84h ( 15236) load[0m
[0;32mI (153) esp_image: segment 2: paddr=000540c0 vaddr=40080000 size=0bf58h ( 48984) load[0m
[0;32mI (165) esp_image: segment 3: paddr=00060020 vaddr=400d0020 size=99040h (626752) map[0m
[0;32mI (257) esp_image: segment 4: paddr=000f9068 vaddr=4008bf58 size=0a900h ( 43264) load[0m
[0;32mI (277) boot: Loaded app from partition at offset 0x10000[0m
[0;32mI (277) boot: Disabling RNG early entropy source...[0m
[0;32mI (288) cpu_start: Multicore app[0m
[0;32mI (297) cpu_start: Pro cpu start user code[0m
[0;32mI (297) cpu_start: cpu freq: 160000000 Hz[0m
[0;32mI (297) cpu_start: Application information:[0m
[0;32mI (300) cpu_start: Project name:     project-name[0m
[0;32mI (305) cpu_start: App version:      23a3bc7-dirty[0m
[0;32mI (311) cpu_start: Compile time:     Jun 12 2024 12:45:54[0m
[0;32mI (317) cpu_start: ELF file SHA256:  2f28f1231...[0m
[0;32mI (322) cpu_start: ESP-IDF:          v5.2.2[0m
[0;32mI (327) cpu_start: Min chip rev:     v0.0[0m
[0;32mI (332) cpu_start: Max chip rev:     v3.99 [0m
[0;32mI (337) cpu_start: Chip rev:         v1.0[0m
[0;32mI (342) heap_init: Initializing. RAM available for dynamic allocation:[0m
[0;32mI (349) heap_init: At 3FFAE6E0 len 00001920 (6 KiB): DRAM[0m
[0;32mI (355) heap_init: At 3FFB83E0 len 00027C20 (159 KiB): DRAM[0m
[0;32mI (361) heap_init: At 3FFE0440 len 00003AE0 (14 KiB): D/IRAM[0m
[0;32mI (367) heap_init: At 3FFE4350 len 0001BCB0 (111 KiB): D/IRAM[0m
[0;32mI (374) heap_init: At 40096858 len 000097A8 (37 KiB): IRAM[0m
[0;32mI (381) spi_flash: detected chip: generic[0m
[0;32mI (385) spi_flash: flash io: dio[0m
[0;32mI (389) main_task: Started on CPU0[0m
[0;32mI (399) main_task: Calling app_main()[0m
[0;32mI (399) MAIN_APP: Starting example[0m
[0;32mI (399) example_mount: Initializing SPIFFS[0m
[0;32mI (509) example_mount: Partition size: total: 896321, used: 0[0m
[0;31mE (589) WIFI_CONNECT: Error opening file: /data/ssid.txt
[0m
[0;31mE (589) WIFI_CONNECT: Error reading SSID from file
[0m
[0;32mI (589) WIFI_CONNECT: Starting SoftAP mode[0m
I (609) wifi:wifi driver task: 3ffc0cbc, prio:23, stack:6656, core=0
I (619) wifi:wifi firmware version: 3e0076f
I (619) wifi:wifi certification version: v7.0
I (619) wifi:config NVS flash: enabled
I (619) wifi:config nano formating: disabled
I (619) wifi:Init data frame dynamic rx buffer num: 32
I (629) wifi:Init static rx mgmt buffer num: 5
I (629) wifi:Init management short buffer num: 32
I (629) wifi:Init dynamic tx buffer num: 32
I (639) wifi:Init static rx buffer size: 1600
I (639) wifi:Init static rx buffer num: 10
I (649) wifi:Init dynamic rx buffer num: 32
[0;32mI (649) wifi_init: rx ba win: 6[0m
[0;32mI (649) wifi_init: tcpip mbox: 32[0m
[0;32mI (659) wifi_init: udp mbox: 6[0m
[0;32mI (659) wifi_init: tcp mbox: 6[0m
[0;32mI (659) wifi_init: tcp tx win: 5760[0m
[0;32mI (669) wifi_init: tcp rx win: 5760[0m
[0;32mI (669) wifi_init: tcp mss: 1440[0m
[0;32mI (679) wifi_init: WiFi IRAM OP enabled[0m
[0;32mI (679) wifi_init: WiFi RX IRAM OP enabled[0m
[0;32mI (689) phy_init: phy_version 4791,2c4672b,Dec 20 2023,16:06:06[0m
I (769) wifi:mode : softAP (94:b5:55:2d:0d:31)
I (769) wifi:Total power save buffer number: 16
I (769) wifi:Init max length of beacon: 752/752
I (769) wifi:Init max length of beacon: 752/752
[0;32mI (769) WIFI_CONNECT: SoftAP mode started. SSID: turnsystems_2D0D30, Password: turnsystems123[0m
[0;32mI (779) esp_netif_lwip: DHCP server started on interface WIFI_AP_DEF with IP: 192.168.4.1[0m
[0;32mI (789) WIFI_CONNECT: mDNS started with hostname: http://turnsystems.local[0m
[0;32mI (799) FILE_SERVER: Starting HTTP Server on port: '80'[0m
[0;32mI (809) MAIN_APP: File server started[0m
[0;32mI (809) main_task: Returned from app_main()[0m
